uv : INFO:__main__:開始執行
同步台彩頭獎店家資料 (sync_jackpo
t_stores)
位於 線路:1 字元:1
+ uv run python -m app.
service.scraper_service
 > test.log 2>&1
+ ~~~~~~~~~~~~~~~~~~~~~
~~~~~~~~~~~~~~~~~~~~~~~
~~~~~~~~~~~~~~~~
    + CategoryInfo     
         : NotSpecifi  
  ed: (INFO:__main__   
 :開...jackpot_store    
s):String) [], Rem    o
teException
    + FullyQualifiedEr 
   rorId : NativeComm  
  andError
 
INFO:__main__:成功解析 CSV，
共有 0 筆頭獎紀錄，分布於 0 家商店。
ERROR:__main__:更新頭獎資料庫失
敗: (sqlite3.Operational
Error) no such column: 
retailers.mapClickCount
[SQL: SELECT retailers.
id AS retailers_id, ret
ailers.name AS retailer
s_name, retailers.addre
ss AS retailers_address
, retailers.city AS ret
ailers_city, retailers.
district AS retailers_d
istrict, retailers.sour
ce AS retailers_source,
 retailers.lat AS retai
lers_lat, retailers.lng
 AS retailers_lng, reta
ilers."isActive" AS "re
tailers_isActive", reta
ilers."updatedAt" AS "r
etailers_updatedAt", re
tailers."hasAC" AS "ret
ailers_hasAC", retailer
s."hasToilet" AS "retai
lers_hasToilet", retail
ers."hasSeats" AS "reta
ilers_hasSeats", retail
ers."hasWifi" AS "retai
lers_hasWifi", retailer
s."hasAccessibility" AS
 "retailers_hasAccessib
ility", retailers."hasE
Pay" AS "retailers_hasE
Pay", retailers."hasStr
ategy" AS "retailers_ha
sStrategy", retailers."
hasNumberPick" AS "reta
ilers_hasNumberPick", r
etailers."hasScratchBoa
rd" AS "retailers_hasSc
ratchBoard", retailers.
"hasMagnifier" AS "reta
ilers_hasMagnifier", re
tailers."hasReadingGlas
ses" AS "retailers_hasR
eadingGlasses", retaile
rs."hasNewspaper" AS "r
etailers_hasNewspaper",
 retailers."hasSportTV"
 AS "retailers_hasSport
TV", retailers."isClaim
ed" AS "retailers_isCla
imed", retailers."merch
antTier" AS "retailers_
merchantTier", retailer
s.announcement AS retai
lers_announcement, reta
ilers."jackpotCount" AS
 "retailers_jackpotCoun
t", retailers."mapClick
Count" AS "retailers_ma
pClickCount", retailers
."nearbyInventoryCount"
 AS "retailers_nearbyIn
ventoryCount", retailer
s."manualRating" AS "re
tailers_manualRating" 
FROM retailers]
(Background on this err
or at: https://sqlalche
.me/e/20/e3q8)
Traceback (most recent 
call last):
  File "D:\刮刮樂網站\backen
d\.venv\Lib\site-packag
es\sqlalchemy\engine\ba
se.py", line 1967, in _
exec_single_context
    self.dialect.do_exe
cute(
  File "D:\刮刮樂網站\backen
d\.venv\Lib\site-packag
es\sqlalchemy\engine\de
fault.py", line 952, in
 do_execute
    cursor.execute(stat
ement, parameters)
sqlite3.OperationalErro
r: no such column: reta
ilers.mapClickCount

The above exception was
 the direct cause of th
e following exception:

Traceback (most recent 
call last):
  File "D:\刮刮樂網站\backen
d\app\service\scraper_s
ervice.py", line 149, i
n sync_jackpot_stores
    raise oe
  File "D:\刮刮樂網站\backen
d\app\service\scraper_s
ervice.py", line 109, i
n sync_jackpot_stores
    all_retailers = db.
query(Retailer).all()
                    ^^^
^^^^^^^^^^^^^^^^^^^^^
  File "D:\刮刮樂網站\backen
d\.venv\Lib\site-packag
es\sqlalchemy\orm\query
.py", line 2704, in all
    return self._iter()
.all()  # type: ignore
           ^^^^^^^^^^^^
  File "D:\刮刮樂網站\backen
d\.venv\Lib\site-packag
es\sqlalchemy\orm\query
.py", line 2857, in _it
er
    result: Union[Scala
rResult[_T], Result[_T]
] = self.session.execut
e(
                       
                       
    ^^^^^^^^^^^^^^^^^^^
^^
  File "D:\刮刮樂網站\backen
d\.venv\Lib\site-packag
es\sqlalchemy\orm\sessi
on.py", line 2351, in e
xecute
    return self._execut
e_internal(
           ^^^^^^^^^^^^
^^^^^^^^^^^
  File "D:\刮刮樂網站\backen
d\.venv\Lib\site-packag
es\sqlalchemy\orm\sessi
on.py", line 2249, in _
execute_internal
    result: Result[Any]
 = compile_state_cls.or
m_execute_statement(
                       
   ^^^^^^^^^^^^^^^^^^^^
^^^^^^^^^^^^^^^^^^^^
  File "D:\刮刮樂網站\backen
d\.venv\Lib\site-packag
es\sqlalchemy\orm\conte
xt.py", line 306, in or
m_execute_statement
    result = conn.execu
te(
             ^^^^^^^^^^
^^^
  File "D:\刮刮樂網站\backen
d\.venv\Lib\site-packag
es\sqlalchemy\engine\ba
se.py", line 1419, in e
xecute
    return meth(
           ^^^^^
  File "D:\刮刮樂網站\backen
d\.venv\Lib\site-packag
es\sqlalchemy\sql\eleme
nts.py", line 527, in _
execute_on_connection
    return connection._
execute_clauseelement(
           ^^^^^^^^^^^^
^^^^^^^^^^^^^^^^^^^^^^
  File "D:\刮刮樂網站\backen
d\.venv\Lib\site-packag
es\sqlalchemy\engine\ba
se.py", line 1641, in _
execute_clauseelement
    ret = self._execute
_context(
          ^^^^^^^^^^^^^
^^^^^^^^^
  File "D:\刮刮樂網站\backen
d\.venv\Lib\site-packag
es\sqlalchemy\engine\ba
se.py", line 1846, in _
execute_context
    return self._exec_s
ingle_context(
           ^^^^^^^^^^^^
^^^^^^^^^^^^^^
  File "D:\刮刮樂網站\backen
d\.venv\Lib\site-packag
es\sqlalchemy\engine\ba
se.py", line 1986, in _
exec_single_context
    self._handle_dbapi_
exception(
  File "D:\刮刮樂網站\backen
d\.venv\Lib\site-packag
es\sqlalchemy\engine\ba
se.py", line 2363, in _
handle_dbapi_exception
    raise sqlalchemy_ex
ception.with_traceback(
exc_info[2]) from e
  File "D:\刮刮樂網站\backen
d\.venv\Lib\site-packag
es\sqlalchemy\engine\ba
se.py", line 1967, in _
exec_single_context
    self.dialect.do_exe
cute(
  File "D:\刮刮樂網站\backen
d\.venv\Lib\site-packag
es\sqlalchemy\engine\de
fault.py", line 952, in
 do_execute
    cursor.execute(stat
ement, parameters)
sqlalchemy.exc.Operatio
nalError: (sqlite3.Oper
ationalError) no such c
olumn: retailers.mapCli
ckCount
[SQL: SELECT retailers.
id AS retailers_id, ret
ailers.name AS retailer
s_name, retailers.addre
ss AS retailers_address
, retailers.city AS ret
ailers_city, retailers.
district AS retailers_d
istrict, retailers.sour
ce AS retailers_source,
 retailers.lat AS retai
lers_lat, retailers.lng
 AS retailers_lng, reta
ilers."isActive" AS "re
tailers_isActive", reta
ilers."updatedAt" AS "r
etailers_updatedAt", re
tailers."hasAC" AS "ret
ailers_hasAC", retailer
s."hasToilet" AS "retai
lers_hasToilet", retail
ers."hasSeats" AS "reta
ilers_hasSeats", retail
ers."hasWifi" AS "retai
lers_hasWifi", retailer
s."hasAccessibility" AS
 "retailers_hasAccessib
ility", retailers."hasE
Pay" AS "retailers_hasE
Pay", retailers."hasStr
ategy" AS "retailers_ha
sStrategy", retailers."
hasNumberPick" AS "reta
ilers_hasNumberPick", r
etailers."hasScratchBoa
rd" AS "retailers_hasSc
ratchBoard", retailers.
"hasMagnifier" AS "reta
ilers_hasMagnifier", re
tailers."hasReadingGlas
ses" AS "retailers_hasR
eadingGlasses", retaile
rs."hasNewspaper" AS "r
etailers_hasNewspaper",
 retailers."hasSportTV"
 AS "retailers_hasSport
TV", retailers."isClaim
ed" AS "retailers_isCla
imed", retailers."merch
antTier" AS "retailers_
merchantTier", retailer
s.announcement AS retai
lers_announcement, reta
ilers."jackpotCount" AS
 "retailers_jackpotCoun
t", retailers."mapClick
Count" AS "retailers_ma
pClickCount", retailers
."nearbyInventoryCount"
 AS "retailers_nearbyIn
ventoryCount", retailer
s."manualRating" AS "re
tailers_manualRating" 
FROM retailers]
(Background on this err
or at: https://sqlalche
.me/e/20/e3q8)
